
> junction-v3@0.1.0 build
> next build

  Ôû▓ Next.js 14.2.35

   Creating an optimized production build ...
 Ô£ô Compiled successfully
   Linting and checking validity of types ...
   Collecting page data ...
   Generating static pages (0/247) ...
   Generating static pages (61/247) 
   Generating static pages (123/247) 
   Generating static pages (185/247) 
 Ô£ô Generating static pages (247/247)
   Finalizing page optimization ...
   Collecting build traces ...

Route (app)                                      Size     First Load JS
Ôöî Ôùï /                                            7.09 kB         229 kB
Ôö£ Ôùï /_not-found                                  183 B           208 kB
Ôö£ Ôùï /about                                       496 B           208 kB
Ôö£ ãÆ /api/og                                      0 B                0 B
Ôö£ Ôùï /apply                                       3.97 kB         211 kB
Ôö£ Ôùï /auckland                                    497 B           208 kB
Ôö£ Ôùï /auckland/google-ads-agency                  497 B           208 kB
Ôö£ Ôùï /auckland/meta-ads-agency                    497 B           208 kB
Ôö£ Ôùï /auckland/seo-agency                         497 B           208 kB
Ôö£ Ôùï /auckland/social-media-agency                496 B           208 kB
Ôö£ Ôùï /blog                                        496 B           208 kB
Ôö£ ÔùÅ /blog/[slug]                                 497 B           208 kB
Ôö£   Ôö£ /blog/social-media-strategy-nz
Ôö£   Ôö£ /blog/email-marketing-strategy-nz
Ôö£   Ôö£ /blog/meta-ads-nz
Ôö£   Ôöö [+121 more paths]
Ôö£ Ôùï /case-studies                                497 B           208 kB
Ôö£ Ôùï /christchurch                                497 B           208 kB
Ôö£ Ôùï /christchurch/google-ads-agency              497 B           208 kB
Ôö£ Ôùï /christchurch/meta-ads-agency                497 B           208 kB
Ôö£ Ôùï /christchurch/seo-agency                     497 B           208 kB
Ôö£ Ôùï /christchurch/social-media-agency            497 B           208 kB
Ôö£ Ôùï /contact                                     497 B           208 kB
Ôö£ Ôùï /dunedin                                     497 B           208 kB
Ôö£ Ôùï /dunedin/google-ads-agency                   496 B           208 kB
Ôö£ Ôùï /dunedin/meta-ads-agency                     496 B           208 kB
Ôö£ Ôùï /dunedin/seo-agency                          497 B           208 kB
Ôö£ Ôùï /dunedin/social-media-agency                 497 B           208 kB
Ôö£ Ôùï /faq                                         497 B           208 kB
Ôö£ Ôùï /gisborne                                    496 B           208 kB
Ôö£ Ôùï /gisborne/google-ads-agency                  496 B           208 kB
Ôö£ Ôùï /gisborne/meta-ads-agency                    497 B           208 kB
Ôö£ Ôùï /gisborne/seo-agency                         497 B           208 kB
Ôö£ Ôùï /gisborne/social-media-agency                497 B           208 kB
Ôö£ Ôùï /hamilton                                    497 B           208 kB
Ôö£ Ôùï /hamilton/google-ads-agency                  496 B           208 kB
Ôö£ Ôùï /hamilton/meta-ads-agency                    497 B           208 kB
Ôö£ Ôùï /hamilton/seo-agency                         496 B           208 kB
Ôö£ Ôùï /hamilton/social-media-agency                496 B           208 kB
Ôö£ Ôùï /industries                                  497 B           208 kB
Ôö£ Ôùï /industries/construction-nz                  497 B           208 kB
Ôö£ Ôùï /industries/ecommerce-nz                     496 B           208 kB
Ôö£ Ôùï /industries/education-nz                     496 B           208 kB
Ôö£ Ôùï /industries/finance-nz                       497 B           208 kB
Ôö£ Ôùï /industries/healthcare-nz                    497 B           208 kB
Ôö£ Ôùï /industries/hospitality-nz                   497 B           208 kB
Ôö£ Ôùï /industries/manufacturing-nz                 497 B           208 kB
Ôö£ Ôùï /industries/professional-services-nz         496 B           208 kB
Ôö£ Ôùï /industries/real-estate-nz                   496 B           208 kB
Ôö£ Ôùï /industries/retail-nz                        497 B           208 kB
Ôö£ Ôùï /industries/saas-nz                          497 B           208 kB
Ôö£ Ôùï /invercargill                                496 B           208 kB
Ôö£ Ôùï /invercargill/google-ads-agency              496 B           208 kB
Ôö£ Ôùï /invercargill/meta-ads-agency                496 B           208 kB
Ôö£ Ôùï /invercargill/seo-agency                     496 B           208 kB
Ôö£ Ôùï /invercargill/social-media-agency            497 B           208 kB
Ôö£ Ôùï /lower-hutt                                  495 B           208 kB
Ôö£ Ôùï /lower-hutt/google-ads-agency                497 B           208 kB
Ôö£ Ôùï /lower-hutt/meta-ads-agency                  495 B           208 kB
Ôö£ Ôùï /lower-hutt/seo-agency                       496 B           208 kB
Ôö£ Ôùï /lower-hutt/social-media-agency              496 B           208 kB
Ôö£ Ôùï /napier                                      497 B           208 kB
Ôö£ Ôùï /napier/google-ads-agency                    496 B           208 kB
Ôö£ Ôùï /napier/meta-ads-agency                      496 B           208 kB
Ôö£ Ôùï /napier/seo-agency                           497 B           208 kB
Ôö£ Ôùï /napier/social-media-agency                  497 B           208 kB
Ôö£ Ôùï /nelson                                      497 B           208 kB
Ôö£ Ôùï /nelson/google-ads-agency                    497 B           208 kB
Ôö£ Ôùï /nelson/meta-ads-agency                      496 B           208 kB
Ôö£ Ôùï /nelson/seo-agency                           497 B           208 kB
Ôö£ Ôùï /nelson/social-media-agency                  496 B           208 kB
Ôö£ Ôùï /new-plymouth                                497 B           208 kB
Ôö£ Ôùï /new-plymouth/google-ads-agency              496 B           208 kB
Ôö£ Ôùï /new-plymouth/meta-ads-agency                497 B           208 kB
Ôö£ Ôùï /new-plymouth/seo-agency                     497 B           208 kB
Ôö£ Ôùï /new-plymouth/social-media-agency            497 B           208 kB
Ôö£ Ôùï /new-zealand                                 496 B           208 kB
Ôö£ Ôùï /palmerston-north                            496 B           208 kB
Ôö£ Ôùï /palmerston-north/google-ads-agency          496 B           208 kB
Ôö£ Ôùï /palmerston-north/meta-ads-agency            497 B           208 kB
Ôö£ Ôùï /palmerston-north/seo-agency                 497 B           208 kB
Ôö£ Ôùï /palmerston-north/social-media-agency        497 B           208 kB
Ôö£ Ôùï /pricing                                     497 B           208 kB
Ôö£ Ôùï /privacy-policy                              497 B           208 kB
Ôö£ Ôùï /queenstown                                  497 B           208 kB
Ôö£ Ôùï /queenstown/google-ads-agency                497 B           208 kB
Ôö£ Ôùï /queenstown/meta-ads-agency                  497 B           208 kB
Ôö£ Ôùï /queenstown/seo-agency                       497 B           208 kB
Ôö£ Ôùï /queenstown/social-media-agency              497 B           208 kB
Ôö£ Ôùï /rotorua                                     497 B           208 kB
Ôö£ Ôùï /rotorua/google-ads-agency                   497 B           208 kB
Ôö£ Ôùï /rotorua/meta-ads-agency                     497 B           208 kB
Ôö£ Ôùï /rotorua/seo-agency                          497 B           208 kB
Ôö£ Ôùï /rotorua/social-media-agency                 497 B           208 kB
Ôö£ Ôùï /services                                    497 B           208 kB
Ôö£ Ôùï /services/ai-marketing-systems               496 B           208 kB
Ôö£ Ôùï /services/content-marketing-nz               496 B           208 kB
Ôö£ Ôùï /services/email-marketing-nz                 497 B           208 kB
Ôö£ Ôùï /services/fractional-cmo                     497 B           208 kB
Ôö£ Ôùï /services/google-ads-nz                      497 B           208 kB
Ôö£ Ôùï /services/meta-ads-nz                        497 B           208 kB
Ôö£ Ôùï /services/seo-nz                             497 B           208 kB
Ôö£ Ôùï /services/social-media-nz                    497 B           208 kB
Ôö£ Ôùï /services/web-design-nz                      497 B           208 kB
Ôö£ Ôùï /sitemap.xml                                 0 B                0 B
Ôö£ Ôùï /tauranga                                    497 B           208 kB
Ôö£ Ôùï /tauranga/google-ads-agency                  497 B           208 kB
Ôö£ Ôùï /tauranga/seo-agency                         497 B           208 kB
Ôö£ Ôùï /terms                                       496 B           208 kB
Ôö£ Ôùï /tom                                         497 B           208 kB
Ôö£ Ôùï /wellington                                  496 B           208 kB
Ôö£ Ôùï /wellington/google-ads-agency                496 B           208 kB
Ôö£ Ôùï /wellington/meta-ads-agency                  497 B           208 kB
Ôö£ Ôùï /wellington/seo-agency                       497 B           208 kB
Ôö£ Ôùï /wellington/social-media-agency              496 B           208 kB
Ôö£ Ôùï /whanganui                                   496 B           208 kB
Ôö£ Ôùï /whanganui/google-ads-agency                 497 B           208 kB
Ôö£ Ôùï /whanganui/meta-ads-agency                   497 B           208 kB
Ôö£ Ôùï /whanganui/seo-agency                        497 B           208 kB
Ôö£ Ôùï /whanganui/social-media-agency               497 B           208 kB
Ôö£ Ôùï /whangarei                                   496 B           208 kB
Ôö£ Ôùï /whangarei/google-ads-agency                 497 B           208 kB
Ôö£ Ôùï /whangarei/meta-ads-agency                   497 B           208 kB
Ôö£ Ôùï /whangarei/seo-agency                        497 B           208 kB
Ôöö Ôùï /whangarei/social-media-agency               497 B           208 kB
+ First Load JS shared by all                    207 kB
  Ôö£ chunks/vendors-2898f16f-00932d97d7e80151.js  15.7 kB
  Ôö£ chunks/vendors-362d063c-57dcb4442a425325.js  11.6 kB
  Ôö£ chunks/vendors-8cbd2506-ac4061ce7ff8c4f0.js  45.3 kB
  Ôöö chunks/vendors-98a6762f-4d81d99fb51634f3.js  64.2 kB
  Ôö£ chunks/vendors-b752a131-339010a5e1c5c666.js  20.7 kB
  Ôö£ chunks/vendors-f33ddaf2-34008fb14c8887ac.js  13.7 kB
  Ôöö other shared chunks (total)                  36.3 kB


Ôùï  (Static)   prerendered as static content
ÔùÅ  (SSG)      prerendered as static HTML (uses getStaticProps)
ãÆ  (Dynamic)  server-rendered on demand

